n01: 0.000000000000000000000000000001
n02: 0.00000000000000000000000000001
n03: 0.0000000000000000000000000001
n04: 0.000000000000000000000000001
n05: 0.00000000000000000000000001
n06: 0.0000000000000000000000001
n07: 0.000000000000000000000001
n08: 0.00000000000000000000001
n09: 0.0000000000000000000001
n10: 0.000000000000000000001
n11: 0.00000000000000000001
n12: 0.0000000000000000001
n13: 0.000000000000000001
n14: 0.00000000000000001
n15: 0.0000000000000001
n16: 0.000000000000001
n17: 0.00000000000001
n18: 0.0000000000001
n19: 0.000000000001
n20: 0.00000000001
n21: 0.0000000001
n22: 0.000000001
n23: 0.00000001
n24: 0.0000001
n25: 0.000001
n26: 0.00001
n27: 0.0001
n28: 0.001
n29: 0.01
n30: 0.1
n31: 1
n32: 10
n33: 100
n34: 1000
n35: 10000
n36: 100000
n37: 1000000
n38: 10000000
n39: 100000000
n40: 1000000000
n41: 10000000000
n42: 100000000000
n43: 1000000000000
n44: 10000000000000
n45: 100000000000000
n46: 1000000000000000
n47: 10000000000000000
n48: 100000000000000000
n49: 1000000000000000000
n50: 10000000000000000000
n51: 100000000000000000000
n52: 1000000000000000000000
n53: 10000000000000000000000
n54: 100000000000000000000000
n55: 1000000000000000000000000
n56: 10000000000000000000000000
n57: 100000000000000000000000000
n58: 1000000000000000000000000000
n59: 10000000000000000000000000000
n60: 100000000000000000000000000000
n61: 1000000000000000000000000000000
