rows[1500|]{id|name|email|score|active|note}:
  0|user0|user0@example.com|0|true|has, comma
  1|user1|user1@example.com|3.7|false|null
  2|user2|user2@example.com|7.4|false|null
  3|user3|user3@example.com|11.1|true|null
  4|user4|user4@example.com|14.8|false|null
  5|user5|user5@example.com|18.5|false|null
  6|user6|user6@example.com|22.2|true|null
  7|user7|user7@example.com|25.9|false|has, comma
  8|user8|user8@example.com|29.6|false|null
  9|user9|user9@example.com|33.3|true|null
  10|user10|user10@example.com|37|false|null
  11|user11|user11@example.com|40.7|false|null
  12|user12|user12@example.com|44.4|true|null
  13|user13|user13@example.com|48.1|false|null
  14|user14|user14@example.com|51.8|false|has, comma
  15|user15|user15@example.com|55.5|true|null
  16|user16|user16@example.com|59.2|false|null
  17|user17|user17@example.com|62.9|false|null
  18|user18|user18@example.com|66.6|true|null
  19|user19|user19@example.com|70.3|false|null
  20|user20|user20@example.com|74|false|null
  21|user21|user21@example.com|77.7|true|has, comma
  22|user22|user22@example.com|81.4|false|null
  23|user23|user23@example.com|85.1|false|null
  24|user24|user24@example.com|88.8|true|null
  25|user25|user25@example.com|92.5|false|null
  26|user26|user26@example.com|96.2|false|null
  27|user27|user27@example.com|99.9|true|null
  28|user28|user28@example.com|3.6|false|has, comma
  29|user29|user29@example.com|7.3|false|null
  30|user30|user30@example.com|11|true|null
  31|user31|user31@example.com|14.7|false|null
  32|user32|user32@example.com|18.4|false|null
  33|user33|user33@example.com|22.1|true|null
  34|user34|user34@example.com|25.8|false|null
  35|user35|user35@example.com|29.5|false|has, comma
  36|user36|user36@example.com|33.2|true|null
  37|user37|user37@example.com|36.9|false|null
  38|user38|user38@example.com|40.6|false|null
  39|user39|user39@example.com|44.3|true|null
  40|user40|user40@example.com|48|false|null
  41|user41|user41@example.com|51.7|false|null
  42|user42|user42@example.com|55.4|true|has, comma
  43|user43|user43@example.com|59.1|false|null
  44|user44|user44@example.com|62.8|false|null
  45|user45|user45@example.com|66.5|true|null
  46|user46|user46@example.com|70.2|false|null
  47|user47|user47@example.com|73.9|false|null
  48|user48|user48@example.com|77.6|true|null
  49|user49|user49@example.com|81.3|false|has, comma
  50|user50|user50@example.com|85|false|null
  51|user51|user51@example.com|88.7|true|null
  52|user52|user52@example.com|92.4|false|null
  53|user53|user53@example.com|96.1|false|null
  54|user54|user54@example.com|99.8|true|null
  55|user55|user55@example.com|3.5|false|null
  56|user56|user56@example.com|7.2|false|has, comma
  57|user57|user57@example.com|10.9|true|null
  58|user58|user58@example.com|14.6|false|null
  59|user59|user59@example.com|18.3|false|null
  60|user60|user60@example.com|22|true|null
  61|user61|user61@example.com|25.7|false|null
  62|user62|user62@example.com|29.4|false|null
  63|user63|user63@example.com|33.1|true|has, comma
  64|user64|user64@example.com|36.8|false|null
  65|user65|user65@example.com|40.5|false|null
  66|user66|user66@example.com|44.2|true|null
  67|user67|user67@example.com|47.9|false|null
  68|user68|user68@example.com|51.6|false|null
  69|user69|user69@example.com|55.3|true|null
  70|user70|user70@example.com|59|false|has, comma
  71|user71|user71@example.com|62.7|false|null
  72|user72|user72@example.com|66.4|true|null
  73|user73|user73@example.com|70.1|false|null
  74|user74|user74@example.com|73.8|false|null
  75|user75|user75@example.com|77.5|true|null
  76|user76|user76@example.com|81.2|false|null
  77|user77|user77@example.com|84.9|false|has, comma
  78|user78|user78@example.com|88.6|true|null
  79|user79|user79@example.com|92.3|false|null
  80|user80|user80@example.com|96|false|null
  81|user81|user81@example.com|99.7|true|null
  82|user82|user82@example.com|3.4|false|null
  83|user83|user83@example.com|7.1|false|null
  84|user84|user84@example.com|10.8|true|has, comma
  85|user85|user85@example.com|14.5|false|null
  86|user86|user86@example.com|18.2|false|null
  87|user87|user87@example.com|21.9|true|null
  88|user88|user88@example.com|25.6|false|null
  89|user89|user89@example.com|29.3|false|null
  90|user90|user90@example.com|33|true|null
  91|user91|user91@example.com|36.7|false|has, comma
  92|user92|user92@example.com|40.4|false|null
  93|user93|user93@example.com|44.1|true|null
  94|user94|user94@example.com|47.8|false|null
  95|user95|user95@example.com|51.5|false|null
  96|user96|user96@example.com|55.2|true|null
  97|user97|user97@example.com|58.9|false|null
  98|user98|user98@example.com|62.6|false|has, comma
  99|user99|user99@example.com|66.3|true|null
  100|user100|user100@example.com|70|false|null
  101|user101|user101@example.com|73.7|false|null
  102|user102|user102@example.com|77.4|true|null
  103|user103|user103@example.com|81.1|false|null
  104|user104|user104@example.com|84.8|false|null
  105|user105|user105@example.com|88.5|true|has, comma
  106|user106|user106@example.com|92.2|false|null
  107|user107|user107@example.com|95.9|false|null
  108|user108|user108@example.com|99.6|true|null
  109|user109|user109@example.com|3.3|false|null
  110|user110|user110@example.com|7|false|null
  111|user111|user111@example.com|10.7|true|null
  112|user112|user112@example.com|14.4|false|has, comma
  113|user113|user113@example.com|18.1|false|null
  114|user114|user114@example.com|21.8|true|null
  115|user115|user115@example.com|25.5|false|null
  116|user116|user116@example.com|29.2|false|null
  117|user117|user117@example.com|32.9|true|null
  118|user118|user118@example.com|36.6|false|null
  119|user119|user119@example.com|40.3|false|has, comma
  120|user120|user120@example.com|44|true|null
  121|user121|user121@example.com|47.7|false|null
  122|user122|user122@example.com|51.4|false|null
  123|user123|user123@example.com|55.1|true|null
  124|user124|user124@example.com|58.8|false|null
  125|user125|user125@example.com|62.5|false|null
  126|user126|user126@example.com|66.2|true|has, comma
  127|user127|user127@example.com|69.9|false|null
  128|user128|user128@example.com|73.6|false|null
  129|user129|user129@example.com|77.3|true|null
  130|user130|user130@example.com|81|false|null
  131|user131|user131@example.com|84.7|false|null
  132|user132|user132@example.com|88.4|true|null
  133|user133|user133@example.com|92.1|false|has, comma
  134|user134|user134@example.com|95.8|false|null
  135|user135|user135@example.com|99.5|true|null
  136|user136|user136@example.com|3.2|false|null
  137|user137|user137@example.com|6.9|false|null
  138|user138|user138@example.com|10.6|true|null
  139|user139|user139@example.com|14.3|false|null
  140|user140|user140@example.com|18|false|has, comma
  141|user141|user141@example.com|21.7|true|null
  142|user142|user142@example.com|25.4|false|null
  143|user143|user143@example.com|29.1|false|null
  144|user144|user144@example.com|32.8|true|null
  145|user145|user145@example.com|36.5|false|null
  146|user146|user146@example.com|40.2|false|null
  147|user147|user147@example.com|43.9|true|has, comma
  148|user148|user148@example.com|47.6|false|null
  149|user149|user149@example.com|51.3|false|null
  150|user150|user150@example.com|55|true|null
  151|user151|user151@example.com|58.7|false|null
  152|user152|user152@example.com|62.4|false|null
  153|user153|user153@example.com|66.1|true|null
  154|user154|user154@example.com|69.8|false|has, comma
  155|user155|user155@example.com|73.5|false|null
  156|user156|user156@example.com|77.2|true|null
  157|user157|user157@example.com|80.9|false|null
  158|user158|user158@example.com|84.6|false|null
  159|user159|user159@example.com|88.3|true|null
  160|user160|user160@example.com|92|false|null
  161|user161|user161@example.com|95.7|false|has, comma
  162|user162|user162@example.com|99.4|true|null
  163|user163|user163@example.com|3.1|false|null
  164|user164|user164@example.com|6.8|false|null
  165|user165|user165@example.com|10.5|true|null
  166|user166|user166@example.com|14.2|false|null
  167|user167|user167@example.com|17.9|false|null
  168|user168|user168@example.com|21.6|true|has, comma
  169|user169|user169@example.com|25.3|false|null
  170|user170|user170@example.com|29|false|null
  171|user171|user171@example.com|32.7|true|null
  172|user172|user172@example.com|36.4|false|null
  173|user173|user173@example.com|40.1|false|null
  174|user174|user174@example.com|43.8|true|null
  175|user175|user175@example.com|47.5|false|has, comma
  176|user176|user176@example.com|51.2|false|null
  177|user177|user177@example.com|54.9|true|null
  178|user178|user178@example.com|58.6|false|null
  179|user179|user179@example.com|62.3|false|null
  180|user180|user180@example.com|66|true|null
  181|user181|user181@example.com|69.7|false|null
  182|user182|user182@example.com|73.4|false|has, comma
  183|user183|user183@example.com|77.1|true|null
  184|user184|user184@example.com|80.8|false|null
  185|user185|user185@example.com|84.5|false|null
  186|user186|user186@example.com|88.2|true|null
  187|user187|user187@example.com|91.9|false|null
  188|user188|user188@example.com|95.6|false|null
  189|user189|user189@example.com|99.3|true|has, comma
  190|user190|user190@example.com|3|false|null
  191|user191|user191@example.com|6.7|false|null
  192|user192|user192@example.com|10.4|true|null
  193|user193|user193@example.com|14.1|false|null
  194|user194|user194@example.com|17.8|false|null
  195|user195|user195@example.com|21.5|true|null
  196|user196|user196@example.com|25.2|false|has, comma
  197|user197|user197@example.com|28.9|false|null
  198|user198|user198@example.com|32.6|true|null
  199|user199|user199@example.com|36.3|false|null
  200|user200|user200@example.com|40|false|null
  201|user201|user201@example.com|43.7|true|null
  202|user202|user202@example.com|47.4|false|null
  203|user203|user203@example.com|51.1|false|has, comma
  204|user204|user204@example.com|54.8|true|null
  205|user205|user205@example.com|58.5|false|null
  206|user206|user206@example.com|62.2|false|null
  207|user207|user207@example.com|65.9|true|null
  208|user208|user208@example.com|69.6|false|null
  209|user209|user209@example.com|73.3|false|null
  210|user210|user210@example.com|77|true|has, comma
  211|user211|user211@example.com|80.7|false|null
  212|user212|user212@example.com|84.4|false|null
  213|user213|user213@example.com|88.1|true|null
  214|user214|user214@example.com|91.8|false|null
  215|user215|user215@example.com|95.5|false|null
  216|user216|user216@example.com|99.2|true|null
  217|user217|user217@example.com|2.9|false|has, comma
  218|user218|user218@example.com|6.6|false|null
  219|user219|user219@example.com|10.3|true|null
  220|user220|user220@example.com|14|false|null
  221|user221|user221@example.com|17.7|false|null
  222|user222|user222@example.com|21.4|true|null
  223|user223|user223@example.com|25.1|false|null
  224|user224|user224@example.com|28.8|false|has, comma
  225|user225|user225@example.com|32.5|true|null
  226|user226|user226@example.com|36.2|false|null
  227|user227|user227@example.com|39.9|false|null
  228|user228|user228@example.com|43.6|true|null
  229|user229|user229@example.com|47.3|false|null
  230|user230|user230@example.com|51|false|null
  231|user231|user231@example.com|54.7|true|has, comma
  232|user232|user232@example.com|58.4|false|null
  233|user233|user233@example.com|62.1|false|null
  234|user234|user234@example.com|65.8|true|null
  235|user235|user235@example.com|69.5|false|null
  236|user236|user236@example.com|73.2|false|null
  237|user237|user237@example.com|76.9|true|null
  238|user238|user238@example.com|80.6|false|has, comma
  239|user239|user239@example.com|84.3|false|null
  240|user240|user240@example.com|88|true|null
  241|user241|user241@example.com|91.7|false|null
  242|user242|user242@example.com|95.4|false|null
  243|user243|user243@example.com|99.1|true|null
  244|user244|user244@example.com|2.8|false|null
  245|user245|user245@example.com|6.5|false|has, comma
  246|user246|user246@example.com|10.2|true|null
  247|user247|user247@example.com|13.9|false|null
  248|user248|user248@example.com|17.6|false|null
  249|user249|user249@example.com|21.3|true|null
  250|user250|user250@example.com|25|false|null
  251|user251|user251@example.com|28.7|false|null
  252|user252|user252@example.com|32.4|true|has, comma
  253|user253|user253@example.com|36.1|false|null
  254|user254|user254@example.com|39.8|false|null
  255|user255|user255@example.com|43.5|true|null
  256|user256|user256@example.com|47.2|false|null
  257|user257|user257@example.com|50.9|false|null
  258|user258|user258@example.com|54.6|true|null
  259|user259|user259@example.com|58.3|false|has, comma
  260|user260|user260@example.com|62|false|null
  261|user261|user261@example.com|65.7|true|null
  262|user262|user262@example.com|69.4|false|null
  263|user263|user263@example.com|73.1|false|null
  264|user264|user264@example.com|76.8|true|null
  265|user265|user265@example.com|80.5|false|null
  266|user266|user266@example.com|84.2|false|has, comma
  267|user267|user267@example.com|87.9|true|null
  268|user268|user268@example.com|91.6|false|null
  269|user269|user269@example.com|95.3|false|null
  270|user270|user270@example.com|99|true|null
  271|user271|user271@example.com|2.7|false|null
  272|user272|user272@example.com|6.4|false|null
  273|user273|user273@example.com|10.1|true|has, comma
  274|user274|user274@example.com|13.8|false|null
  275|user275|user275@example.com|17.5|false|null
  276|user276|user276@example.com|21.2|true|null
  277|user277|user277@example.com|24.9|false|null
  278|user278|user278@example.com|28.6|false|null
  279|user279|user279@example.com|32.3|true|null
  280|user280|user280@example.com|36|false|has, comma
  281|user281|user281@example.com|39.7|false|null
  282|user282|user282@example.com|43.4|true|null
  283|user283|user283@example.com|47.1|false|null
  284|user284|user284@example.com|50.8|false|null
  285|user285|user285@example.com|54.5|true|null
  286|user286|user286@example.com|58.2|false|null
  287|user287|user287@example.com|61.9|false|has, comma
  288|user288|user288@example.com|65.6|true|null
  289|user289|user289@example.com|69.3|false|null
  290|user290|user290@example.com|73|false|null
  291|user291|user291@example.com|76.7|true|null
  292|user292|user292@example.com|80.4|false|null
  293|user293|user293@example.com|84.1|false|null
  294|user294|user294@example.com|87.8|true|has, comma
  295|user295|user295@example.com|91.5|false|null
  296|user296|user296@example.com|95.2|false|null
  297|user297|user297@example.com|98.9|true|null
  298|user298|user298@example.com|2.6|false|null
  299|user299|user299@example.com|6.3|false|null
  300|user300|user300@example.com|10|true|null
  301|user301|user301@example.com|13.7|false|has, comma
  302|user302|user302@example.com|17.4|false|null
  303|user303|user303@example.com|21.1|true|null
  304|user304|user304@example.com|24.8|false|null
  305|user305|user305@example.com|28.5|false|null
  306|user306|user306@example.com|32.2|true|null
  307|user307|user307@example.com|35.9|false|null
  308|user308|user308@example.com|39.6|false|has, comma
  309|user309|user309@example.com|43.3|true|null
  310|user310|user310@example.com|47|false|null
  311|user311|user311@example.com|50.7|false|null
  312|user312|user312@example.com|54.4|true|null
  313|user313|user313@example.com|58.1|false|null
  314|user314|user314@example.com|61.8|false|null
  315|user315|user315@example.com|65.5|true|has, comma
  316|user316|user316@example.com|69.2|false|null
  317|user317|user317@example.com|72.9|false|null
  318|user318|user318@example.com|76.6|true|null
  319|user319|user319@example.com|80.3|false|null
  320|user320|user320@example.com|84|false|null
  321|user321|user321@example.com|87.7|true|null
  322|user322|user322@example.com|91.4|false|has, comma
  323|user323|user323@example.com|95.1|false|null
  324|user324|user324@example.com|98.8|true|null
  325|user325|user325@example.com|2.5|false|null
  326|user326|user326@example.com|6.2|false|null
  327|user327|user327@example.com|9.9|true|null
  328|user328|user328@example.com|13.6|false|null
  329|user329|user329@example.com|17.3|false|has, comma
  330|user330|user330@example.com|21|true|null
  331|user331|user331@example.com|24.7|false|null
  332|user332|user332@example.com|28.4|false|null
  333|user333|user333@example.com|32.1|true|null
  334|user334|user334@example.com|35.8|false|null
  335|user335|user335@example.com|39.5|false|null
  336|user336|user336@example.com|43.2|true|has, comma
  337|user337|user337@example.com|46.9|false|null
  338|user338|user338@example.com|50.6|false|null
  339|user339|user339@example.com|54.3|true|null
  340|user340|user340@example.com|58|false|null
  341|user341|user341@example.com|61.7|false|null
  342|user342|user342@example.com|65.4|true|null
  343|user343|user343@example.com|69.1|false|has, comma
  344|user344|user344@example.com|72.8|false|null
  345|user345|user345@example.com|76.5|true|null
  346|user346|user346@example.com|80.2|false|null
  347|user347|user347@example.com|83.9|false|null
  348|user348|user348@example.com|87.6|true|null
  349|user349|user349@example.com|91.3|false|null
  350|user350|user350@example.com|95|false|has, comma
  351|user351|user351@example.com|98.7|true|null
  352|user352|user352@example.com|2.4|false|null
  353|user353|user353@example.com|6.1|false|null
  354|user354|user354@example.com|9.8|true|null
  355|user355|user355@example.com|13.5|false|null
  356|user356|user356@example.com|17.2|false|null
  357|user357|user357@example.com|20.9|true|has, comma
  358|user358|user358@example.com|24.6|false|null
  359|user359|user359@example.com|28.3|false|null
  360|user360|user360@example.com|32|true|null
  361|user361|user361@example.com|35.7|false|null
  362|user362|user362@example.com|39.4|false|null
  363|user363|user363@example.com|43.1|true|null
  364|user364|user364@example.com|46.8|false|has, comma
  365|user365|user365@example.com|50.5|false|null
  366|user366|user366@example.com|54.2|true|null
  367|user367|user367@example.com|57.9|false|null
  368|user368|user368@example.com|61.6|false|null
  369|user369|user369@example.com|65.3|true|null
  370|user370|user370@example.com|69|false|null
  371|user371|user371@example.com|72.7|false|has, comma
  372|user372|user372@example.com|76.4|true|null
  373|user373|user373@example.com|80.1|false|null
  374|user374|user374@example.com|83.8|false|null
  375|user375|user375@example.com|87.5|true|null
  376|user376|user376@example.com|91.2|false|null
  377|user377|user377@example.com|94.9|false|null
  378|user378|user378@example.com|98.6|true|has, comma
  379|user379|user379@example.com|2.3|false|null
  380|user380|user380@example.com|6|false|null
  381|user381|user381@example.com|9.7|true|null
  382|user382|user382@example.com|13.4|false|null
  383|user383|user383@example.com|17.1|false|null
  384|user384|user384@example.com|20.8|true|null
  385|user385|user385@example.com|24.5|false|has, comma
  386|user386|user386@example.com|28.2|false|null
  387|user387|user387@example.com|31.9|true|null
  388|user388|user388@example.com|35.6|false|null
  389|user389|user389@example.com|39.3|false|null
  390|user390|user390@example.com|43|true|null
  391|user391|user391@example.com|46.7|false|null
  392|user392|user392@example.com|50.4|false|has, comma
  393|user393|user393@example.com|54.1|true|null
  394|user394|user394@example.com|57.8|false|null
  395|user395|user395@example.com|61.5|false|null
  396|user396|user396@example.com|65.2|true|null
  397|user397|user397@example.com|68.9|false|null
  398|user398|user398@example.com|72.6|false|null
  399|user399|user399@example.com|76.3|true|has, comma
  400|user400|user400@example.com|80|false|null
  401|user401|user401@example.com|83.7|false|null
  402|user402|user402@example.com|87.4|true|null
  403|user403|user403@example.com|91.1|false|null
  404|user404|user404@example.com|94.8|false|null
  405|user405|user405@example.com|98.5|true|null
  406|user406|user406@example.com|2.2|false|has, comma
  407|user407|user407@example.com|5.9|false|null
  408|user408|user408@example.com|9.6|true|null
  409|user409|user409@example.com|13.3|false|null
  410|user410|user410@example.com|17|false|null
  411|user411|user411@example.com|20.7|true|null
  412|user412|user412@example.com|24.4|false|null
  413|user413|user413@example.com|28.1|false|has, comma
  414|user414|user414@example.com|31.8|true|null
  415|user415|user415@example.com|35.5|false|null
  416|user416|user416@example.com|39.2|false|null
  417|user417|user417@example.com|42.9|true|null
  418|user418|user418@example.com|46.6|false|null
  419|user419|user419@example.com|50.3|false|null
  420|user420|user420@example.com|54|true|has, comma
  421|user421|user421@example.com|57.7|false|null
  422|user422|user422@example.com|61.4|false|null
  423|user423|user423@example.com|65.1|true|null
  424|user424|user424@example.com|68.8|false|null
  425|user425|user425@example.com|72.5|false|null
  426|user426|user426@example.com|76.2|true|null
  427|user427|user427@example.com|79.9|false|has, comma
  428|user428|user428@example.com|83.6|false|null
  429|user429|user429@example.com|87.3|true|null
  430|user430|user430@example.com|91|false|null
  431|user431|user431@example.com|94.7|false|null
  432|user432|user432@example.com|98.4|true|null
  433|user433|user433@example.com|2.1|false|null
  434|user434|user434@example.com|5.8|false|has, comma
  435|user435|user435@example.com|9.5|true|null
  436|user436|user436@example.com|13.2|false|null
  437|user437|user437@example.com|16.9|false|null
  438|user438|user438@example.com|20.6|true|null
  439|user439|user439@example.com|24.3|false|null
  440|user440|user440@example.com|28|false|null
  441|user441|user441@example.com|31.7|true|has, comma
  442|user442|user442@example.com|35.4|false|null
  443|user443|user443@example.com|39.1|false|null
  444|user444|user444@example.com|42.8|true|null
  445|user445|user445@example.com|46.5|false|null
  446|user446|user446@example.com|50.2|false|null
  447|user447|user447@example.com|53.9|true|null
  448|user448|user448@example.com|57.6|false|has, comma
  449|user449|user449@example.com|61.3|false|null
  450|user450|user450@example.com|65|true|null
  451|user451|user451@example.com|68.7|false|null
  452|user452|user452@example.com|72.4|false|null
  453|user453|user453@example.com|76.1|true|null
  454|user454|user454@example.com|79.8|false|null
  455|user455|user455@example.com|83.5|false|has, comma
  456|user456|user456@example.com|87.2|true|null
  457|user457|user457@example.com|90.9|false|null
  458|user458|user458@example.com|94.6|false|null
  459|user459|user459@example.com|98.3|true|null
  460|user460|user460@example.com|2|false|null
  461|user461|user461@example.com|5.7|false|null
  462|user462|user462@example.com|9.4|true|has, comma
  463|user463|user463@example.com|13.1|false|null
  464|user464|user464@example.com|16.8|false|null
  465|user465|user465@example.com|20.5|true|null
  466|user466|user466@example.com|24.2|false|null
  467|user467|user467@example.com|27.9|false|null
  468|user468|user468@example.com|31.6|true|null
  469|user469|user469@example.com|35.3|false|has, comma
  470|user470|user470@example.com|39|false|null
  471|user471|user471@example.com|42.7|true|null
  472|user472|user472@example.com|46.4|false|null
  473|user473|user473@example.com|50.1|false|null
  474|user474|user474@example.com|53.8|true|null
  475|user475|user475@example.com|57.5|false|null
  476|user476|user476@example.com|61.2|false|has, comma
  477|user477|user477@example.com|64.9|true|null
  478|user478|user478@example.com|68.6|false|null
  479|user479|user479@example.com|72.3|false|null
  480|user480|user480@example.com|76|true|null
  481|user481|user481@example.com|79.7|false|null
  482|user482|user482@example.com|83.4|false|null
  483|user483|user483@example.com|87.1|true|has, comma
  484|user484|user484@example.com|90.8|false|null
  485|user485|user485@example.com|94.5|false|null
  486|user486|user486@example.com|98.2|true|null
  487|user487|user487@example.com|1.9|false|null
  488|user488|user488@example.com|5.6|false|null
  489|user489|user489@example.com|9.3|true|null
  490|user490|user490@example.com|13|false|has, comma
  491|user491|user491@example.com|16.7|false|null
  492|user492|user492@example.com|20.4|true|null
  493|user493|user493@example.com|24.1|false|null
  494|user494|user494@example.com|27.8|false|null
  495|user495|user495@example.com|31.5|true|null
  496|user496|user496@example.com|35.2|false|null
  497|user497|user497@example.com|38.9|false|has, comma
  498|user498|user498@example.com|42.6|true|null
  499|user499|user499@example.com|46.3|false|null
  500|user500|user500@example.com|50|false|null
  501|user501|user501@example.com|53.7|true|null
  502|user502|user502@example.com|57.4|false|null
  503|user503|user503@example.com|61.1|false|null
  504|user504|user504@example.com|64.8|true|has, comma
  505|user505|user505@example.com|68.5|false|null
  506|user506|user506@example.com|72.2|false|null
  507|user507|user507@example.com|75.9|true|null
  508|user508|user508@example.com|79.6|false|null
  509|user509|user509@example.com|83.3|false|null
  510|user510|user510@example.com|87|true|null
  511|user511|user511@example.com|90.7|false|has, comma
  512|user512|user512@example.com|94.4|false|null
  513|user513|user513@example.com|98.1|true|null
  514|user514|user514@example.com|1.8|false|null
  515|user515|user515@example.com|5.5|false|null
  516|user516|user516@example.com|9.2|true|null
  517|user517|user517@example.com|12.9|false|null
  518|user518|user518@example.com|16.6|false|has, comma
  519|user519|user519@example.com|20.3|true|null
  520|user520|user520@example.com|24|false|null
  521|user521|user521@example.com|27.7|false|null
  522|user522|user522@example.com|31.4|true|null
  523|user523|user523@example.com|35.1|false|null
  524|user524|user524@example.com|38.8|false|null
  525|user525|user525@example.com|42.5|true|has, comma
  526|user526|user526@example.com|46.2|false|null
  527|user527|user527@example.com|49.9|false|null
  528|user528|user528@example.com|53.6|true|null
  529|user529|user529@example.com|57.3|false|null
  530|user530|user530@example.com|61|false|null
  531|user531|user531@example.com|64.7|true|null
  532|user532|user532@example.com|68.4|false|has, comma
  533|user533|user533@example.com|72.1|false|null
  534|user534|user534@example.com|75.8|true|null
  535|user535|user535@example.com|79.5|false|null
  536|user536|user536@example.com|83.2|false|null
  537|user537|user537@example.com|86.9|true|null
  538|user538|user538@example.com|90.6|false|null
  539|user539|user539@example.com|94.3|false|has, comma
  540|user540|user540@example.com|98|true|null
  541|user541|user541@example.com|1.7|false|null
  542|user542|user542@example.com|5.4|false|null
  543|user543|user543@example.com|9.1|true|null
  544|user544|user544@example.com|12.8|false|null
  545|user545|user545@example.com|16.5|false|null
  546|user546|user546@example.com|20.2|true|has, comma
  547|user547|user547@example.com|23.9|false|null
  548|user548|user548@example.com|27.6|false|null
  549|user549|user549@example.com|31.3|true|null
  550|user550|user550@example.com|35|false|null
  551|user551|user551@example.com|38.7|false|null
  552|user552|user552@example.com|42.4|true|null
  553|user553|user553@example.com|46.1|false|has, comma
  554|user554|user554@example.com|49.8|false|null
  555|user555|user555@example.com|53.5|true|null
  556|user556|user556@example.com|57.2|false|null
  557|user557|user557@example.com|60.9|false|null
  558|user558|user558@example.com|64.6|true|null
  559|user559|user559@example.com|68.3|false|null
  560|user560|user560@example.com|72|false|has, comma
  561|user561|user561@example.com|75.7|true|null
  562|user562|user562@example.com|79.4|false|null
  563|user563|user563@example.com|83.1|false|null
  564|user564|user564@example.com|86.8|true|null
  565|user565|user565@example.com|90.5|false|null
  566|user566|user566@example.com|94.2|false|null
  567|user567|user567@example.com|97.9|true|has, comma
  568|user568|user568@example.com|1.6|false|null
  569|user569|user569@example.com|5.3|false|null
  570|user570|user570@example.com|9|true|null
  571|user571|user571@example.com|12.7|false|null
  572|user572|user572@example.com|16.4|false|null
  573|user573|user573@example.com|20.1|true|null
  574|user574|user574@example.com|23.8|false|has, comma
  575|user575|user575@example.com|27.5|false|null
  576|user576|user576@example.com|31.2|true|null
  577|user577|user577@example.com|34.9|false|null
  578|user578|user578@example.com|38.6|false|null
  579|user579|user579@example.com|42.3|true|null
  580|user580|user580@example.com|46|false|null
  581|user581|user581@example.com|49.7|false|has, comma
  582|user582|user582@example.com|53.4|true|null
  583|user583|user583@example.com|57.1|false|null
  584|user584|user584@example.com|60.8|false|null
  585|user585|user585@example.com|64.5|true|null
  586|user586|user586@example.com|68.2|false|null
  587|user587|user587@example.com|71.9|false|null
  588|user588|user588@example.com|75.6|true|has, comma
  589|user589|user589@example.com|79.3|false|null
  590|user590|user590@example.com|83|false|null
  591|user591|user591@example.com|86.7|true|null
  592|user592|user592@example.com|90.4|false|null
  593|user593|user593@example.com|94.1|false|null
  594|user594|user594@example.com|97.8|true|null
  595|user595|user595@example.com|1.5|false|has, comma
  596|user596|user596@example.com|5.2|false|null
  597|user597|user597@example.com|8.9|true|null
  598|user598|user598@example.com|12.6|false|null
  599|user599|user599@example.com|16.3|false|null
  600|user600|user600@example.com|20|true|null
  601|user601|user601@example.com|23.7|false|null
  602|user602|user602@example.com|27.4|false|has, comma
  603|user603|user603@example.com|31.1|true|null
  604|user604|user604@example.com|34.8|false|null
  605|user605|user605@example.com|38.5|false|null
  606|user606|user606@example.com|42.2|true|null
  607|user607|user607@example.com|45.9|false|null
  608|user608|user608@example.com|49.6|false|null
  609|user609|user609@example.com|53.3|true|has, comma
  610|user610|user610@example.com|57|false|null
  611|user611|user611@example.com|60.7|false|null
  612|user612|user612@example.com|64.4|true|null
  613|user613|user613@example.com|68.1|false|null
  614|user614|user614@example.com|71.8|false|null
  615|user615|user615@example.com|75.5|true|null
  616|user616|user616@example.com|79.2|false|has, comma
  617|user617|user617@example.com|82.9|false|null
  618|user618|user618@example.com|86.6|true|null
  619|user619|user619@example.com|90.3|false|null
  620|user620|user620@example.com|94|false|null
  621|user621|user621@example.com|97.7|true|null
  622|user622|user622@example.com|1.4|false|null
  623|user623|user623@example.com|5.1|false|has, comma
  624|user624|user624@example.com|8.8|true|null
  625|user625|user625@example.com|12.5|false|null
  626|user626|user626@example.com|16.2|false|null
  627|user627|user627@example.com|19.9|true|null
  628|user628|user628@example.com|23.6|false|null
  629|user629|user629@example.com|27.3|false|null
  630|user630|user630@example.com|31|true|has, comma
  631|user631|user631@example.com|34.7|false|null
  632|user632|user632@example.com|38.4|false|null
  633|user633|user633@example.com|42.1|true|null
  634|user634|user634@example.com|45.8|false|null
  635|user635|user635@example.com|49.5|false|null
  636|user636|user636@example.com|53.2|true|null
  637|user637|user637@example.com|56.9|false|has, comma
  638|user638|user638@example.com|60.6|false|null
  639|user639|user639@example.com|64.3|true|null
  640|user640|user640@example.com|68|false|null
  641|user641|user641@example.com|71.7|false|null
  642|user642|user642@example.com|75.4|true|null
  643|user643|user643@example.com|79.1|false|null
  644|user644|user644@example.com|82.8|false|has, comma
  645|user645|user645@example.com|86.5|true|null
  646|user646|user646@example.com|90.2|false|null
  647|user647|user647@example.com|93.9|false|null
  648|user648|user648@example.com|97.6|true|null
  649|user649|user649@example.com|1.3|false|null
  650|user650|user650@example.com|5|false|null
  651|user651|user651@example.com|8.7|true|has, comma
  652|user652|user652@example.com|12.4|false|null
  653|user653|user653@example.com|16.1|false|null
  654|user654|user654@example.com|19.8|true|null
  655|user655|user655@example.com|23.5|false|null
  656|user656|user656@example.com|27.2|false|null
  657|user657|user657@example.com|30.9|true|null
  658|user658|user658@example.com|34.6|false|has, comma
  659|user659|user659@example.com|38.3|false|null
  660|user660|user660@example.com|42|true|null
  661|user661|user661@example.com|45.7|false|null
  662|user662|user662@example.com|49.4|false|null
  663|user663|user663@example.com|53.1|true|null
  664|user664|user664@example.com|56.8|false|null
  665|user665|user665@example.com|60.5|false|has, comma
  666|user666|user666@example.com|64.2|true|null
  667|user667|user667@example.com|67.9|false|null
  668|user668|user668@example.com|71.6|false|null
  669|user669|user669@example.com|75.3|true|null
  670|user670|user670@example.com|79|false|null
  671|user671|user671@example.com|82.7|false|null
  672|user672|user672@example.com|86.4|true|has, comma
  673|user673|user673@example.com|90.1|false|null
  674|user674|user674@example.com|93.8|false|null
  675|user675|user675@example.com|97.5|true|null
  676|user676|user676@example.com|1.2|false|null
  677|user677|user677@example.com|4.9|false|null
  678|user678|user678@example.com|8.6|true|null
  679|user679|user679@example.com|12.3|false|has, comma
  680|user680|user680@example.com|16|false|null
  681|user681|user681@example.com|19.7|true|null
  682|user682|user682@example.com|23.4|false|null
  683|user683|user683@example.com|27.1|false|null
  684|user684|user684@example.com|30.8|true|null
  685|user685|user685@example.com|34.5|false|null
  686|user686|user686@example.com|38.2|false|has, comma
  687|user687|user687@example.com|41.9|true|null
  688|user688|user688@example.com|45.6|false|null
  689|user689|user689@example.com|49.3|false|null
  690|user690|user690@example.com|53|true|null
  691|user691|user691@example.com|56.7|false|null
  692|user692|user692@example.com|60.4|false|null
  693|user693|user693@example.com|64.1|true|has, comma
  694|user694|user694@example.com|67.8|false|null
  695|user695|user695@example.com|71.5|false|null
  696|user696|user696@example.com|75.2|true|null
  697|user697|user697@example.com|78.9|false|null
  698|user698|user698@example.com|82.6|false|null
  699|user699|user699@example.com|86.3|true|null
  700|user700|user700@example.com|90|false|has, comma
  701|user701|user701@example.com|93.7|false|null
  702|user702|user702@example.com|97.4|true|null
  703|user703|user703@example.com|1.1|false|null
  704|user704|user704@example.com|4.8|false|null
  705|user705|user705@example.com|8.5|true|null
  706|user706|user706@example.com|12.2|false|null
  707|user707|user707@example.com|15.9|false|has, comma
  708|user708|user708@example.com|19.6|true|null
  709|user709|user709@example.com|23.3|false|null
  710|user710|user710@example.com|27|false|null
  711|user711|user711@example.com|30.7|true|null
  712|user712|user712@example.com|34.4|false|null
  713|user713|user713@example.com|38.1|false|null
  714|user714|user714@example.com|41.8|true|has, comma
  715|user715|user715@example.com|45.5|false|null
  716|user716|user716@example.com|49.2|false|null
  717|user717|user717@example.com|52.9|true|null
  718|user718|user718@example.com|56.6|false|null
  719|user719|user719@example.com|60.3|false|null
  720|user720|user720@example.com|64|true|null
  721|user721|user721@example.com|67.7|false|has, comma
  722|user722|user722@example.com|71.4|false|null
  723|user723|user723@example.com|75.1|true|null
  724|user724|user724@example.com|78.8|false|null
  725|user725|user725@example.com|82.5|false|null
  726|user726|user726@example.com|86.2|true|null
  727|user727|user727@example.com|89.9|false|null
  728|user728|user728@example.com|93.6|false|has, comma
  729|user729|user729@example.com|97.3|true|null
  730|user730|user730@example.com|1|false|null
  731|user731|user731@example.com|4.7|false|null
  732|user732|user732@example.com|8.4|true|null
  733|user733|user733@example.com|12.1|false|null
  734|user734|user734@example.com|15.8|false|null
  735|user735|user735@example.com|19.5|true|has, comma
  736|user736|user736@example.com|23.2|false|null
  737|user737|user737@example.com|26.9|false|null
  738|user738|user738@example.com|30.6|true|null
  739|user739|user739@example.com|34.3|false|null
  740|user740|user740@example.com|38|false|null
  741|user741|user741@example.com|41.7|true|null
  742|user742|user742@example.com|45.4|false|has, comma
  743|user743|user743@example.com|49.1|false|null
  744|user744|user744@example.com|52.8|true|null
  745|user745|user745@example.com|56.5|false|null
  746|user746|user746@example.com|60.2|false|null
  747|user747|user747@example.com|63.9|true|null
  748|user748|user748@example.com|67.6|false|null
  749|user749|user749@example.com|71.3|false|has, comma
  750|user750|user750@example.com|75|true|null
  751|user751|user751@example.com|78.7|false|null
  752|user752|user752@example.com|82.4|false|null
  753|user753|user753@example.com|86.1|true|null
  754|user754|user754@example.com|89.8|false|null
  755|user755|user755@example.com|93.5|false|null
  756|user756|user756@example.com|97.2|true|has, comma
  757|user757|user757@example.com|0.9|false|null
  758|user758|user758@example.com|4.6|false|null
  759|user759|user759@example.com|8.3|true|null
  760|user760|user760@example.com|12|false|null
  761|user761|user761@example.com|15.7|false|null
  762|user762|user762@example.com|19.4|true|null
  763|user763|user763@example.com|23.1|false|has, comma
  764|user764|user764@example.com|26.8|false|null
  765|user765|user765@example.com|30.5|true|null
  766|user766|user766@example.com|34.2|false|null
  767|user767|user767@example.com|37.9|false|null
  768|user768|user768@example.com|41.6|true|null
  769|user769|user769@example.com|45.3|false|null
  770|user770|user770@example.com|49|false|has, comma
  771|user771|user771@example.com|52.7|true|null
  772|user772|user772@example.com|56.4|false|null
  773|user773|user773@example.com|60.1|false|null
  774|user774|user774@example.com|63.8|true|null
  775|user775|user775@example.com|67.5|false|null
  776|user776|user776@example.com|71.2|false|null
  777|user777|user777@example.com|74.9|true|has, comma
  778|user778|user778@example.com|78.6|false|null
  779|user779|user779@example.com|82.3|false|null
  780|user780|user780@example.com|86|true|null
  781|user781|user781@example.com|89.7|false|null
  782|user782|user782@example.com|93.4|false|null
  783|user783|user783@example.com|97.1|true|null
  784|user784|user784@example.com|0.8|false|has, comma
  785|user785|user785@example.com|4.5|false|null
  786|user786|user786@example.com|8.2|true|null
  787|user787|user787@example.com|11.9|false|null
  788|user788|user788@example.com|15.6|false|null
  789|user789|user789@example.com|19.3|true|null
  790|user790|user790@example.com|23|false|null
  791|user791|user791@example.com|26.7|false|has, comma
  792|user792|user792@example.com|30.4|true|null
  793|user793|user793@example.com|34.1|false|null
  794|user794|user794@example.com|37.8|false|null
  795|user795|user795@example.com|41.5|true|null
  796|user796|user796@example.com|45.2|false|null
  797|user797|user797@example.com|48.9|false|null
  798|user798|user798@example.com|52.6|true|has, comma
  799|user799|user799@example.com|56.3|false|null
  800|user800|user800@example.com|60|false|null
  801|user801|user801@example.com|63.7|true|null
  802|user802|user802@example.com|67.4|false|null
  803|user803|user803@example.com|71.1|false|null
  804|user804|user804@example.com|74.8|true|null
  805|user805|user805@example.com|78.5|false|has, comma
  806|user806|user806@example.com|82.2|false|null
  807|user807|user807@example.com|85.9|true|null
  808|user808|user808@example.com|89.6|false|null
  809|user809|user809@example.com|93.3|false|null
  810|user810|user810@example.com|97|true|null
  811|user811|user811@example.com|0.7|false|null
  812|user812|user812@example.com|4.4|false|has, comma
  813|user813|user813@example.com|8.1|true|null
  814|user814|user814@example.com|11.8|false|null
  815|user815|user815@example.com|15.5|false|null
  816|user816|user816@example.com|19.2|true|null
  817|user817|user817@example.com|22.9|false|null
  818|user818|user818@example.com|26.6|false|null
  819|user819|user819@example.com|30.3|true|has, comma
  820|user820|user820@example.com|34|false|null
  821|user821|user821@example.com|37.7|false|null
  822|user822|user822@example.com|41.4|true|null
  823|user823|user823@example.com|45.1|false|null
  824|user824|user824@example.com|48.8|false|null
  825|user825|user825@example.com|52.5|true|null
  826|user826|user826@example.com|56.2|false|has, comma
  827|user827|user827@example.com|59.9|false|null
  828|user828|user828@example.com|63.6|true|null
  829|user829|user829@example.com|67.3|false|null
  830|user830|user830@example.com|71|false|null
  831|user831|user831@example.com|74.7|true|null
  832|user832|user832@example.com|78.4|false|null
  833|user833|user833@example.com|82.1|false|has, comma
  834|user834|user834@example.com|85.8|true|null
  835|user835|user835@example.com|89.5|false|null
  836|user836|user836@example.com|93.2|false|null
  837|user837|user837@example.com|96.9|true|null
  838|user838|user838@example.com|0.6|false|null
  839|user839|user839@example.com|4.3|false|null
  840|user840|user840@example.com|8|true|has, comma
  841|user841|user841@example.com|11.7|false|null
  842|user842|user842@example.com|15.4|false|null
  843|user843|user843@example.com|19.1|true|null
  844|user844|user844@example.com|22.8|false|null
  845|user845|user845@example.com|26.5|false|null
  846|user846|user846@example.com|30.2|true|null
  847|user847|user847@example.com|33.9|false|has, comma
  848|user848|user848@example.com|37.6|false|null
  849|user849|user849@example.com|41.3|true|null
  850|user850|user850@example.com|45|false|null
  851|user851|user851@example.com|48.7|false|null
  852|user852|user852@example.com|52.4|true|null
  853|user853|user853@example.com|56.1|false|null
  854|user854|user854@example.com|59.8|false|has, comma
  855|user855|user855@example.com|63.5|true|null
  856|user856|user856@example.com|67.2|false|null
  857|user857|user857@example.com|70.9|false|null
  858|user858|user858@example.com|74.6|true|null
  859|user859|user859@example.com|78.3|false|null
  860|user860|user860@example.com|82|false|null
  861|user861|user861@example.com|85.7|true|has, comma
  862|user862|user862@example.com|89.4|false|null
  863|user863|user863@example.com|93.1|false|null
  864|user864|user864@example.com|96.8|true|null
  865|user865|user865@example.com|0.5|false|null
  866|user866|user866@example.com|4.2|false|null
  867|user867|user867@example.com|7.9|true|null
  868|user868|user868@example.com|11.6|false|has, comma
  869|user869|user869@example.com|15.3|false|null
  870|user870|user870@example.com|19|true|null
  871|user871|user871@example.com|22.7|false|null
  872|user872|user872@example.com|26.4|false|null
  873|user873|user873@example.com|30.1|true|null
  874|user874|user874@example.com|33.8|false|null
  875|user875|user875@example.com|37.5|false|has, comma
  876|user876|user876@example.com|41.2|true|null
  877|user877|user877@example.com|44.9|false|null
  878|user878|user878@example.com|48.6|false|null
  879|user879|user879@example.com|52.3|true|null
  880|user880|user880@example.com|56|false|null
  881|user881|user881@example.com|59.7|false|null
  882|user882|user882@example.com|63.4|true|has, comma
  883|user883|user883@example.com|67.1|false|null
  884|user884|user884@example.com|70.8|false|null
  885|user885|user885@example.com|74.5|true|null
  886|user886|user886@example.com|78.2|false|null
  887|user887|user887@example.com|81.9|false|null
  888|user888|user888@example.com|85.6|true|null
  889|user889|user889@example.com|89.3|false|has, comma
  890|user890|user890@example.com|93|false|null
  891|user891|user891@example.com|96.7|true|null
  892|user892|user892@example.com|0.4|false|null
  893|user893|user893@example.com|4.1|false|null
  894|user894|user894@example.com|7.8|true|null
  895|user895|user895@example.com|11.5|false|null
  896|user896|user896@example.com|15.2|false|has, comma
  897|user897|user897@example.com|18.9|true|null
  898|user898|user898@example.com|22.6|false|null
  899|user899|user899@example.com|26.3|false|null
  900|user900|user900@example.com|30|true|null
  901|user901|user901@example.com|33.7|false|null
  902|user902|user902@example.com|37.4|false|null
  903|user903|user903@example.com|41.1|true|has, comma
  904|user904|user904@example.com|44.8|false|null
  905|user905|user905@example.com|48.5|false|null
  906|user906|user906@example.com|52.2|true|null
  907|user907|user907@example.com|55.9|false|null
  908|user908|user908@example.com|59.6|false|null
  909|user909|user909@example.com|63.3|true|null
  910|user910|user910@example.com|67|false|has, comma
  911|user911|user911@example.com|70.7|false|null
  912|user912|user912@example.com|74.4|true|null
  913|user913|user913@example.com|78.1|false|null
  914|user914|user914@example.com|81.8|false|null
  915|user915|user915@example.com|85.5|true|null
  916|user916|user916@example.com|89.2|false|null
  917|user917|user917@example.com|92.9|false|has, comma
  918|user918|user918@example.com|96.6|true|null
  919|user919|user919@example.com|0.3|false|null
  920|user920|user920@example.com|4|false|null
  921|user921|user921@example.com|7.7|true|null
  922|user922|user922@example.com|11.4|false|null
  923|user923|user923@example.com|15.1|false|null
  924|user924|user924@example.com|18.8|true|has, comma
  925|user925|user925@example.com|22.5|false|null
  926|user926|user926@example.com|26.2|false|null
  927|user927|user927@example.com|29.9|true|null
  928|user928|user928@example.com|33.6|false|null
  929|user929|user929@example.com|37.3|false|null
  930|user930|user930@example.com|41|true|null
  931|user931|user931@example.com|44.7|false|has, comma
  932|user932|user932@example.com|48.4|false|null
  933|user933|user933@example.com|52.1|true|null
  934|user934|user934@example.com|55.8|false|null
  935|user935|user935@example.com|59.5|false|null
  936|user936|user936@example.com|63.2|true|null
  937|user937|user937@example.com|66.9|false|null
  938|user938|user938@example.com|70.6|false|has, comma
  939|user939|user939@example.com|74.3|true|null
  940|user940|user940@example.com|78|false|null
  941|user941|user941@example.com|81.7|false|null
  942|user942|user942@example.com|85.4|true|null
  943|user943|user943@example.com|89.1|false|null
  944|user944|user944@example.com|92.8|false|null
  945|user945|user945@example.com|96.5|true|has, comma
  946|user946|user946@example.com|0.2|false|null
  947|user947|user947@example.com|3.9|false|null
  948|user948|user948@example.com|7.6|true|null
  949|user949|user949@example.com|11.3|false|null
  950|user950|user950@example.com|15|false|null
  951|user951|user951@example.com|18.7|true|null
  952|user952|user952@example.com|22.4|false|has, comma
  953|user953|user953@example.com|26.1|false|null
  954|user954|user954@example.com|29.8|true|null
  955|user955|user955@example.com|33.5|false|null
  956|user956|user956@example.com|37.2|false|null
  957|user957|user957@example.com|40.9|true|null
  958|user958|user958@example.com|44.6|false|null
  959|user959|user959@example.com|48.3|false|has, comma
  960|user960|user960@example.com|52|true|null
  961|user961|user961@example.com|55.7|false|null
  962|user962|user962@example.com|59.4|false|null
  963|user963|user963@example.com|63.1|true|null
  964|user964|user964@example.com|66.8|false|null
  965|user965|user965@example.com|70.5|false|null
  966|user966|user966@example.com|74.2|true|has, comma
  967|user967|user967@example.com|77.9|false|null
  968|user968|user968@example.com|81.6|false|null
  969|user969|user969@example.com|85.3|true|null
  970|user970|user970@example.com|89|false|null
  971|user971|user971@example.com|92.7|false|null
  972|user972|user972@example.com|96.4|true|null
  973|user973|user973@example.com|0.1|false|has, comma
  974|user974|user974@example.com|3.8|false|null
  975|user975|user975@example.com|7.5|true|null
  976|user976|user976@example.com|11.2|false|null
  977|user977|user977@example.com|14.9|false|null
  978|user978|user978@example.com|18.6|true|null
  979|user979|user979@example.com|22.3|false|null
  980|user980|user980@example.com|26|false|has, comma
  981|user981|user981@example.com|29.7|true|null
  982|user982|user982@example.com|33.4|false|null
  983|user983|user983@example.com|37.1|false|null
  984|user984|user984@example.com|40.8|true|null
  985|user985|user985@example.com|44.5|false|null
  986|user986|user986@example.com|48.2|false|null
  987|user987|user987@example.com|51.9|true|has, comma
  988|user988|user988@example.com|55.6|false|null
  989|user989|user989@example.com|59.3|false|null
  990|user990|user990@example.com|63|true|null
  991|user991|user991@example.com|66.7|false|null
  992|user992|user992@example.com|70.4|false|null
  993|user993|user993@example.com|74.1|true|null
  994|user994|user994@example.com|77.8|false|has, comma
  995|user995|user995@example.com|81.5|false|null
  996|user996|user996@example.com|85.2|true|null
  997|user997|user997@example.com|88.9|false|null
  998|user998|user998@example.com|92.6|false|null
  999|user999|user999@example.com|96.3|true|null
  1000|user1000|user1000@example.com|0|false|null
  1001|user1001|user1001@example.com|3.7|false|has, comma
  1002|user1002|user1002@example.com|7.4|true|null
  1003|user1003|user1003@example.com|11.1|false|null
  1004|user1004|user1004@example.com|14.8|false|null
  1005|user1005|user1005@example.com|18.5|true|null
  1006|user1006|user1006@example.com|22.2|false|null
  1007|user1007|user1007@example.com|25.9|false|null
  1008|user1008|user1008@example.com|29.6|true|has, comma
  1009|user1009|user1009@example.com|33.3|false|null
  1010|user1010|user1010@example.com|37|false|null
  1011|user1011|user1011@example.com|40.7|true|null
  1012|user1012|user1012@example.com|44.4|false|null
  1013|user1013|user1013@example.com|48.1|false|null
  1014|user1014|user1014@example.com|51.8|true|null
  1015|user1015|user1015@example.com|55.5|false|has, comma
  1016|user1016|user1016@example.com|59.2|false|null
  1017|user1017|user1017@example.com|62.9|true|null
  1018|user1018|user1018@example.com|66.6|false|null
  1019|user1019|user1019@example.com|70.3|false|null
  1020|user1020|user1020@example.com|74|true|null
  1021|user1021|user1021@example.com|77.7|false|null
  1022|user1022|user1022@example.com|81.4|false|has, comma
  1023|user1023|user1023@example.com|85.1|true|null
  1024|user1024|user1024@example.com|88.8|false|null
  1025|user1025|user1025@example.com|92.5|false|null
  1026|user1026|user1026@example.com|96.2|true|null
  1027|user1027|user1027@example.com|99.9|false|null
  1028|user1028|user1028@example.com|3.6|false|null
  1029|user1029|user1029@example.com|7.3|true|has, comma
  1030|user1030|user1030@example.com|11|false|null
  1031|user1031|user1031@example.com|14.7|false|null
  1032|user1032|user1032@example.com|18.4|true|null
  1033|user1033|user1033@example.com|22.1|false|null
  1034|user1034|user1034@example.com|25.8|false|null
  1035|user1035|user1035@example.com|29.5|true|null
  1036|user1036|user1036@example.com|33.2|false|has, comma
  1037|user1037|user1037@example.com|36.9|false|null
  1038|user1038|user1038@example.com|40.6|true|null
  1039|user1039|user1039@example.com|44.3|false|null
  1040|user1040|user1040@example.com|48|false|null
  1041|user1041|user1041@example.com|51.7|true|null
  1042|user1042|user1042@example.com|55.4|false|null
  1043|user1043|user1043@example.com|59.1|false|has, comma
  1044|user1044|user1044@example.com|62.8|true|null
  1045|user1045|user1045@example.com|66.5|false|null
  1046|user1046|user1046@example.com|70.2|false|null
  1047|user1047|user1047@example.com|73.9|true|null
  1048|user1048|user1048@example.com|77.6|false|null
  1049|user1049|user1049@example.com|81.3|false|null
  1050|user1050|user1050@example.com|85|true|has, comma
  1051|user1051|user1051@example.com|88.7|false|null
  1052|user1052|user1052@example.com|92.4|false|null
  1053|user1053|user1053@example.com|96.1|true|null
  1054|user1054|user1054@example.com|99.8|false|null
  1055|user1055|user1055@example.com|3.5|false|null
  1056|user1056|user1056@example.com|7.2|true|null
  1057|user1057|user1057@example.com|10.9|false|has, comma
  1058|user1058|user1058@example.com|14.6|false|null
  1059|user1059|user1059@example.com|18.3|true|null
  1060|user1060|user1060@example.com|22|false|null
  1061|user1061|user1061@example.com|25.7|false|null
  1062|user1062|user1062@example.com|29.4|true|null
  1063|user1063|user1063@example.com|33.1|false|null
  1064|user1064|user1064@example.com|36.8|false|has, comma
  1065|user1065|user1065@example.com|40.5|true|null
  1066|user1066|user1066@example.com|44.2|false|null
  1067|user1067|user1067@example.com|47.9|false|null
  1068|user1068|user1068@example.com|51.6|true|null
  1069|user1069|user1069@example.com|55.3|false|null
  1070|user1070|user1070@example.com|59|false|null
  1071|user1071|user1071@example.com|62.7|true|has, comma
  1072|user1072|user1072@example.com|66.4|false|null
  1073|user1073|user1073@example.com|70.1|false|null
  1074|user1074|user1074@example.com|73.8|true|null
  1075|user1075|user1075@example.com|77.5|false|null
  1076|user1076|user1076@example.com|81.2|false|null
  1077|user1077|user1077@example.com|84.9|true|null
  1078|user1078|user1078@example.com|88.6|false|has, comma
  1079|user1079|user1079@example.com|92.3|false|null
  1080|user1080|user1080@example.com|96|true|null
  1081|user1081|user1081@example.com|99.7|false|null
  1082|user1082|user1082@example.com|3.4|false|null
  1083|user1083|user1083@example.com|7.1|true|null
  1084|user1084|user1084@example.com|10.8|false|null
  1085|user1085|user1085@example.com|14.5|false|has, comma
  1086|user1086|user1086@example.com|18.2|true|null
  1087|user1087|user1087@example.com|21.9|false|null
  1088|user1088|user1088@example.com|25.6|false|null
  1089|user1089|user1089@example.com|29.3|true|null
  1090|user1090|user1090@example.com|33|false|null
  1091|user1091|user1091@example.com|36.7|false|null
  1092|user1092|user1092@example.com|40.4|true|has, comma
  1093|user1093|user1093@example.com|44.1|false|null
  1094|user1094|user1094@example.com|47.8|false|null
  1095|user1095|user1095@example.com|51.5|true|null
  1096|user1096|user1096@example.com|55.2|false|null
  1097|user1097|user1097@example.com|58.9|false|null
  1098|user1098|user1098@example.com|62.6|true|null
  1099|user1099|user1099@example.com|66.3|false|has, comma
  1100|user1100|user1100@example.com|70|false|null
  1101|user1101|user1101@example.com|73.7|true|null
  1102|user1102|user1102@example.com|77.4|false|null
  1103|user1103|user1103@example.com|81.1|false|null
  1104|user1104|user1104@example.com|84.8|true|null
  1105|user1105|user1105@example.com|88.5|false|null
  1106|user1106|user1106@example.com|92.2|false|has, comma
  1107|user1107|user1107@example.com|95.9|true|null
  1108|user1108|user1108@example.com|99.6|false|null
  1109|user1109|user1109@example.com|3.3|false|null
  1110|user1110|user1110@example.com|7|true|null
  1111|user1111|user1111@example.com|10.7|false|null
  1112|user1112|user1112@example.com|14.4|false|null
  1113|user1113|user1113@example.com|18.1|true|has, comma
  1114|user1114|user1114@example.com|21.8|false|null
  1115|user1115|user1115@example.com|25.5|false|null
  1116|user1116|user1116@example.com|29.2|true|null
  1117|user1117|user1117@example.com|32.9|false|null
  1118|user1118|user1118@example.com|36.6|false|null
  1119|user1119|user1119@example.com|40.3|true|null
  1120|user1120|user1120@example.com|44|false|has, comma
  1121|user1121|user1121@example.com|47.7|false|null
  1122|user1122|user1122@example.com|51.4|true|null
  1123|user1123|user1123@example.com|55.1|false|null
  1124|user1124|user1124@example.com|58.8|false|null
  1125|user1125|user1125@example.com|62.5|true|null
  1126|user1126|user1126@example.com|66.2|false|null
  1127|user1127|user1127@example.com|69.9|false|has, comma
  1128|user1128|user1128@example.com|73.6|true|null
  1129|user1129|user1129@example.com|77.3|false|null
  1130|user1130|user1130@example.com|81|false|null
  1131|user1131|user1131@example.com|84.7|true|null
  1132|user1132|user1132@example.com|88.4|false|null
  1133|user1133|user1133@example.com|92.1|false|null
  1134|user1134|user1134@example.com|95.8|true|has, comma
  1135|user1135|user1135@example.com|99.5|false|null
  1136|user1136|user1136@example.com|3.2|false|null
  1137|user1137|user1137@example.com|6.9|true|null
  1138|user1138|user1138@example.com|10.6|false|null
  1139|user1139|user1139@example.com|14.3|false|null
  1140|user1140|user1140@example.com|18|true|null
  1141|user1141|user1141@example.com|21.7|false|has, comma
  1142|user1142|user1142@example.com|25.4|false|null
  1143|user1143|user1143@example.com|29.1|true|null
  1144|user1144|user1144@example.com|32.8|false|null
  1145|user1145|user1145@example.com|36.5|false|null
  1146|user1146|user1146@example.com|40.2|true|null
  1147|user1147|user1147@example.com|43.9|false|null
  1148|user1148|user1148@example.com|47.6|false|has, comma
  1149|user1149|user1149@example.com|51.3|true|null
  1150|user1150|user1150@example.com|55|false|null
  1151|user1151|user1151@example.com|58.7|false|null
  1152|user1152|user1152@example.com|62.4|true|null
  1153|user1153|user1153@example.com|66.1|false|null
  1154|user1154|user1154@example.com|69.8|false|null
  1155|user1155|user1155@example.com|73.5|true|has, comma
  1156|user1156|user1156@example.com|77.2|false|null
  1157|user1157|user1157@example.com|80.9|false|null
  1158|user1158|user1158@example.com|84.6|true|null
  1159|user1159|user1159@example.com|88.3|false|null
  1160|user1160|user1160@example.com|92|false|null
  1161|user1161|user1161@example.com|95.7|true|null
  1162|user1162|user1162@example.com|99.4|false|has, comma
  1163|user1163|user1163@example.com|3.1|false|null
  1164|user1164|user1164@example.com|6.8|true|null
  1165|user1165|user1165@example.com|10.5|false|null
  1166|user1166|user1166@example.com|14.2|false|null
  1167|user1167|user1167@example.com|17.9|true|null
  1168|user1168|user1168@example.com|21.6|false|null
  1169|user1169|user1169@example.com|25.3|false|has, comma
  1170|user1170|user1170@example.com|29|true|null
  1171|user1171|user1171@example.com|32.7|false|null
  1172|user1172|user1172@example.com|36.4|false|null
  1173|user1173|user1173@example.com|40.1|true|null
  1174|user1174|user1174@example.com|43.8|false|null
  1175|user1175|user1175@example.com|47.5|false|null
  1176|user1176|user1176@example.com|51.2|true|has, comma
  1177|user1177|user1177@example.com|54.9|false|null
  1178|user1178|user1178@example.com|58.6|false|null
  1179|user1179|user1179@example.com|62.3|true|null
  1180|user1180|user1180@example.com|66|false|null
  1181|user1181|user1181@example.com|69.7|false|null
  1182|user1182|user1182@example.com|73.4|true|null
  1183|user1183|user1183@example.com|77.1|false|has, comma
  1184|user1184|user1184@example.com|80.8|false|null
  1185|user1185|user1185@example.com|84.5|true|null
  1186|user1186|user1186@example.com|88.2|false|null
  1187|user1187|user1187@example.com|91.9|false|null
  1188|user1188|user1188@example.com|95.6|true|null
  1189|user1189|user1189@example.com|99.3|false|null
  1190|user1190|user1190@example.com|3|false|has, comma
  1191|user1191|user1191@example.com|6.7|true|null
  1192|user1192|user1192@example.com|10.4|false|null
  1193|user1193|user1193@example.com|14.1|false|null
  1194|user1194|user1194@example.com|17.8|true|null
  1195|user1195|user1195@example.com|21.5|false|null
  1196|user1196|user1196@example.com|25.2|false|null
  1197|user1197|user1197@example.com|28.9|true|has, comma
  1198|user1198|user1198@example.com|32.6|false|null
  1199|user1199|user1199@example.com|36.3|false|null
  1200|user1200|user1200@example.com|40|true|null
  1201|user1201|user1201@example.com|43.7|false|null
  1202|user1202|user1202@example.com|47.4|false|null
  1203|user1203|user1203@example.com|51.1|true|null
  1204|user1204|user1204@example.com|54.8|false|has, comma
  1205|user1205|user1205@example.com|58.5|false|null
  1206|user1206|user1206@example.com|62.2|true|null
  1207|user1207|user1207@example.com|65.9|false|null
  1208|user1208|user1208@example.com|69.6|false|null
  1209|user1209|user1209@example.com|73.3|true|null
  1210|user1210|user1210@example.com|77|false|null
  1211|user1211|user1211@example.com|80.7|false|has, comma
  1212|user1212|user1212@example.com|84.4|true|null
  1213|user1213|user1213@example.com|88.1|false|null
  1214|user1214|user1214@example.com|91.8|false|null
  1215|user1215|user1215@example.com|95.5|true|null
  1216|user1216|user1216@example.com|99.2|false|null
  1217|user1217|user1217@example.com|2.9|false|null
  1218|user1218|user1218@example.com|6.6|true|has, comma
  1219|user1219|user1219@example.com|10.3|false|null
  1220|user1220|user1220@example.com|14|false|null
  1221|user1221|user1221@example.com|17.7|true|null
  1222|user1222|user1222@example.com|21.4|false|null
  1223|user1223|user1223@example.com|25.1|false|null
  1224|user1224|user1224@example.com|28.8|true|null
  1225|user1225|user1225@example.com|32.5|false|has, comma
  1226|user1226|user1226@example.com|36.2|false|null
  1227|user1227|user1227@example.com|39.9|true|null
  1228|user1228|user1228@example.com|43.6|false|null
  1229|user1229|user1229@example.com|47.3|false|null
  1230|user1230|user1230@example.com|51|true|null
  1231|user1231|user1231@example.com|54.7|false|null
  1232|user1232|user1232@example.com|58.4|false|has, comma
  1233|user1233|user1233@example.com|62.1|true|null
  1234|user1234|user1234@example.com|65.8|false|null
  1235|user1235|user1235@example.com|69.5|false|null
  1236|user1236|user1236@example.com|73.2|true|null
  1237|user1237|user1237@example.com|76.9|false|null
  1238|user1238|user1238@example.com|80.6|false|null
  1239|user1239|user1239@example.com|84.3|true|has, comma
  1240|user1240|user1240@example.com|88|false|null
  1241|user1241|user1241@example.com|91.7|false|null
  1242|user1242|user1242@example.com|95.4|true|null
  1243|user1243|user1243@example.com|99.1|false|null
  1244|user1244|user1244@example.com|2.8|false|null
  1245|user1245|user1245@example.com|6.5|true|null
  1246|user1246|user1246@example.com|10.2|false|has, comma
  1247|user1247|user1247@example.com|13.9|false|null
  1248|user1248|user1248@example.com|17.6|true|null
  1249|user1249|user1249@example.com|21.3|false|null
  1250|user1250|user1250@example.com|25|false|null
  1251|user1251|user1251@example.com|28.7|true|null
  1252|user1252|user1252@example.com|32.4|false|null
  1253|user1253|user1253@example.com|36.1|false|has, comma
  1254|user1254|user1254@example.com|39.8|true|null
  1255|user1255|user1255@example.com|43.5|false|null
  1256|user1256|user1256@example.com|47.2|false|null
  1257|user1257|user1257@example.com|50.9|true|null
  1258|user1258|user1258@example.com|54.6|false|null
  1259|user1259|user1259@example.com|58.3|false|null
  1260|user1260|user1260@example.com|62|true|has, comma
  1261|user1261|user1261@example.com|65.7|false|null
  1262|user1262|user1262@example.com|69.4|false|null
  1263|user1263|user1263@example.com|73.1|true|null
  1264|user1264|user1264@example.com|76.8|false|null
  1265|user1265|user1265@example.com|80.5|false|null
  1266|user1266|user1266@example.com|84.2|true|null
  1267|user1267|user1267@example.com|87.9|false|has, comma
  1268|user1268|user1268@example.com|91.6|false|null
  1269|user1269|user1269@example.com|95.3|true|null
  1270|user1270|user1270@example.com|99|false|null
  1271|user1271|user1271@example.com|2.7|false|null
  1272|user1272|user1272@example.com|6.4|true|null
  1273|user1273|user1273@example.com|10.1|false|null
  1274|user1274|user1274@example.com|13.8|false|has, comma
  1275|user1275|user1275@example.com|17.5|true|null
  1276|user1276|user1276@example.com|21.2|false|null
  1277|user1277|user1277@example.com|24.9|false|null
  1278|user1278|user1278@example.com|28.6|true|null
  1279|user1279|user1279@example.com|32.3|false|null
  1280|user1280|user1280@example.com|36|false|null
  1281|user1281|user1281@example.com|39.7|true|has, comma
  1282|user1282|user1282@example.com|43.4|false|null
  1283|user1283|user1283@example.com|47.1|false|null
  1284|user1284|user1284@example.com|50.8|true|null
  1285|user1285|user1285@example.com|54.5|false|null
  1286|user1286|user1286@example.com|58.2|false|null
  1287|user1287|user1287@example.com|61.9|true|null
  1288|user1288|user1288@example.com|65.6|false|has, comma
  1289|user1289|user1289@example.com|69.3|false|null
  1290|user1290|user1290@example.com|73|true|null
  1291|user1291|user1291@example.com|76.7|false|null
  1292|user1292|user1292@example.com|80.4|false|null
  1293|user1293|user1293@example.com|84.1|true|null
  1294|user1294|user1294@example.com|87.8|false|null
  1295|user1295|user1295@example.com|91.5|false|has, comma
  1296|user1296|user1296@example.com|95.2|true|null
  1297|user1297|user1297@example.com|98.9|false|null
  1298|user1298|user1298@example.com|2.6|false|null
  1299|user1299|user1299@example.com|6.3|true|null
  1300|user1300|user1300@example.com|10|false|null
  1301|user1301|user1301@example.com|13.7|false|null
  1302|user1302|user1302@example.com|17.4|true|has, comma
  1303|user1303|user1303@example.com|21.1|false|null
  1304|user1304|user1304@example.com|24.8|false|null
  1305|user1305|user1305@example.com|28.5|true|null
  1306|user1306|user1306@example.com|32.2|false|null
  1307|user1307|user1307@example.com|35.9|false|null
  1308|user1308|user1308@example.com|39.6|true|null
  1309|user1309|user1309@example.com|43.3|false|has, comma
  1310|user1310|user1310@example.com|47|false|null
  1311|user1311|user1311@example.com|50.7|true|null
  1312|user1312|user1312@example.com|54.4|false|null
  1313|user1313|user1313@example.com|58.1|false|null
  1314|user1314|user1314@example.com|61.8|true|null
  1315|user1315|user1315@example.com|65.5|false|null
  1316|user1316|user1316@example.com|69.2|false|has, comma
  1317|user1317|user1317@example.com|72.9|true|null
  1318|user1318|user1318@example.com|76.6|false|null
  1319|user1319|user1319@example.com|80.3|false|null
  1320|user1320|user1320@example.com|84|true|null
  1321|user1321|user1321@example.com|87.7|false|null
  1322|user1322|user1322@example.com|91.4|false|null
  1323|user1323|user1323@example.com|95.1|true|has, comma
  1324|user1324|user1324@example.com|98.8|false|null
  1325|user1325|user1325@example.com|2.5|false|null
  1326|user1326|user1326@example.com|6.2|true|null
  1327|user1327|user1327@example.com|9.9|false|null
  1328|user1328|user1328@example.com|13.6|false|null
  1329|user1329|user1329@example.com|17.3|true|null
  1330|user1330|user1330@example.com|21|false|has, comma
  1331|user1331|user1331@example.com|24.7|false|null
  1332|user1332|user1332@example.com|28.4|true|null
  1333|user1333|user1333@example.com|32.1|false|null
  1334|user1334|user1334@example.com|35.8|false|null
  1335|user1335|user1335@example.com|39.5|true|null
  1336|user1336|user1336@example.com|43.2|false|null
  1337|user1337|user1337@example.com|46.9|false|has, comma
  1338|user1338|user1338@example.com|50.6|true|null
  1339|user1339|user1339@example.com|54.3|false|null
  1340|user1340|user1340@example.com|58|false|null
  1341|user1341|user1341@example.com|61.7|true|null
  1342|user1342|user1342@example.com|65.4|false|null
  1343|user1343|user1343@example.com|69.1|false|null
  1344|user1344|user1344@example.com|72.8|true|has, comma
  1345|user1345|user1345@example.com|76.5|false|null
  1346|user1346|user1346@example.com|80.2|false|null
  1347|user1347|user1347@example.com|83.9|true|null
  1348|user1348|user1348@example.com|87.6|false|null
  1349|user1349|user1349@example.com|91.3|false|null
  1350|user1350|user1350@example.com|95|true|null
  1351|user1351|user1351@example.com|98.7|false|has, comma
  1352|user1352|user1352@example.com|2.4|false|null
  1353|user1353|user1353@example.com|6.1|true|null
  1354|user1354|user1354@example.com|9.8|false|null
  1355|user1355|user1355@example.com|13.5|false|null
  1356|user1356|user1356@example.com|17.2|true|null
  1357|user1357|user1357@example.com|20.9|false|null
  1358|user1358|user1358@example.com|24.6|false|has, comma
  1359|user1359|user1359@example.com|28.3|true|null
  1360|user1360|user1360@example.com|32|false|null
  1361|user1361|user1361@example.com|35.7|false|null
  1362|user1362|user1362@example.com|39.4|true|null
  1363|user1363|user1363@example.com|43.1|false|null
  1364|user1364|user1364@example.com|46.8|false|null
  1365|user1365|user1365@example.com|50.5|true|has, comma
  1366|user1366|user1366@example.com|54.2|false|null
  1367|user1367|user1367@example.com|57.9|false|null
  1368|user1368|user1368@example.com|61.6|true|null
  1369|user1369|user1369@example.com|65.3|false|null
  1370|user1370|user1370@example.com|69|false|null
  1371|user1371|user1371@example.com|72.7|true|null
  1372|user1372|user1372@example.com|76.4|false|has, comma
  1373|user1373|user1373@example.com|80.1|false|null
  1374|user1374|user1374@example.com|83.8|true|null
  1375|user1375|user1375@example.com|87.5|false|null
  1376|user1376|user1376@example.com|91.2|false|null
  1377|user1377|user1377@example.com|94.9|true|null
  1378|user1378|user1378@example.com|98.6|false|null
  1379|user1379|user1379@example.com|2.3|false|has, comma
  1380|user1380|user1380@example.com|6|true|null
  1381|user1381|user1381@example.com|9.7|false|null
  1382|user1382|user1382@example.com|13.4|false|null
  1383|user1383|user1383@example.com|17.1|true|null
  1384|user1384|user1384@example.com|20.8|false|null
  1385|user1385|user1385@example.com|24.5|false|null
  1386|user1386|user1386@example.com|28.2|true|has, comma
  1387|user1387|user1387@example.com|31.9|false|null
  1388|user1388|user1388@example.com|35.6|false|null
  1389|user1389|user1389@example.com|39.3|true|null
  1390|user1390|user1390@example.com|43|false|null
  1391|user1391|user1391@example.com|46.7|false|null
  1392|user1392|user1392@example.com|50.4|true|null
  1393|user1393|user1393@example.com|54.1|false|has, comma
  1394|user1394|user1394@example.com|57.8|false|null
  1395|user1395|user1395@example.com|61.5|true|null
  1396|user1396|user1396@example.com|65.2|false|null
  1397|user1397|user1397@example.com|68.9|false|null
  1398|user1398|user1398@example.com|72.6|true|null
  1399|user1399|user1399@example.com|76.3|false|null
  1400|user1400|user1400@example.com|80|false|has, comma
  1401|user1401|user1401@example.com|83.7|true|null
  1402|user1402|user1402@example.com|87.4|false|null
  1403|user1403|user1403@example.com|91.1|false|null
  1404|user1404|user1404@example.com|94.8|true|null
  1405|user1405|user1405@example.com|98.5|false|null
  1406|user1406|user1406@example.com|2.2|false|null
  1407|user1407|user1407@example.com|5.9|true|has, comma
  1408|user1408|user1408@example.com|9.6|false|null
  1409|user1409|user1409@example.com|13.3|false|null
  1410|user1410|user1410@example.com|17|true|null
  1411|user1411|user1411@example.com|20.7|false|null
  1412|user1412|user1412@example.com|24.4|false|null
  1413|user1413|user1413@example.com|28.1|true|null
  1414|user1414|user1414@example.com|31.8|false|has, comma
  1415|user1415|user1415@example.com|35.5|false|null
  1416|user1416|user1416@example.com|39.2|true|null
  1417|user1417|user1417@example.com|42.9|false|null
  1418|user1418|user1418@example.com|46.6|false|null
  1419|user1419|user1419@example.com|50.3|true|null
  1420|user1420|user1420@example.com|54|false|null
  1421|user1421|user1421@example.com|57.7|false|has, comma
  1422|user1422|user1422@example.com|61.4|true|null
  1423|user1423|user1423@example.com|65.1|false|null
  1424|user1424|user1424@example.com|68.8|false|null
  1425|user1425|user1425@example.com|72.5|true|null
  1426|user1426|user1426@example.com|76.2|false|null
  1427|user1427|user1427@example.com|79.9|false|null
  1428|user1428|user1428@example.com|83.6|true|has, comma
  1429|user1429|user1429@example.com|87.3|false|null
  1430|user1430|user1430@example.com|91|false|null
  1431|user1431|user1431@example.com|94.7|true|null
  1432|user1432|user1432@example.com|98.4|false|null
  1433|user1433|user1433@example.com|2.1|false|null
  1434|user1434|user1434@example.com|5.8|true|null
  1435|user1435|user1435@example.com|9.5|false|has, comma
  1436|user1436|user1436@example.com|13.2|false|null
  1437|user1437|user1437@example.com|16.9|true|null
  1438|user1438|user1438@example.com|20.6|false|null
  1439|user1439|user1439@example.com|24.3|false|null
  1440|user1440|user1440@example.com|28|true|null
  1441|user1441|user1441@example.com|31.7|false|null
  1442|user1442|user1442@example.com|35.4|false|has, comma
  1443|user1443|user1443@example.com|39.1|true|null
  1444|user1444|user1444@example.com|42.8|false|null
  1445|user1445|user1445@example.com|46.5|false|null
  1446|user1446|user1446@example.com|50.2|true|null
  1447|user1447|user1447@example.com|53.9|false|null
  1448|user1448|user1448@example.com|57.6|false|null
  1449|user1449|user1449@example.com|61.3|true|has, comma
  1450|user1450|user1450@example.com|65|false|null
  1451|user1451|user1451@example.com|68.7|false|null
  1452|user1452|user1452@example.com|72.4|true|null
  1453|user1453|user1453@example.com|76.1|false|null
  1454|user1454|user1454@example.com|79.8|false|null
  1455|user1455|user1455@example.com|83.5|true|null
  1456|user1456|user1456@example.com|87.2|false|has, comma
  1457|user1457|user1457@example.com|90.9|false|null
  1458|user1458|user1458@example.com|94.6|true|null
  1459|user1459|user1459@example.com|98.3|false|null
  1460|user1460|user1460@example.com|2|false|null
  1461|user1461|user1461@example.com|5.7|true|null
  1462|user1462|user1462@example.com|9.4|false|null
  1463|user1463|user1463@example.com|13.1|false|has, comma
  1464|user1464|user1464@example.com|16.8|true|null
  1465|user1465|user1465@example.com|20.5|false|null
  1466|user1466|user1466@example.com|24.2|false|null
  1467|user1467|user1467@example.com|27.9|true|null
  1468|user1468|user1468@example.com|31.6|false|null
  1469|user1469|user1469@example.com|35.3|false|null
  1470|user1470|user1470@example.com|39|true|has, comma
  1471|user1471|user1471@example.com|42.7|false|null
  1472|user1472|user1472@example.com|46.4|false|null
  1473|user1473|user1473@example.com|50.1|true|null
  1474|user1474|user1474@example.com|53.8|false|null
  1475|user1475|user1475@example.com|57.5|false|null
  1476|user1476|user1476@example.com|61.2|true|null
  1477|user1477|user1477@example.com|64.9|false|has, comma
  1478|user1478|user1478@example.com|68.6|false|null
  1479|user1479|user1479@example.com|72.3|true|null
  1480|user1480|user1480@example.com|76|false|null
  1481|user1481|user1481@example.com|79.7|false|null
  1482|user1482|user1482@example.com|83.4|true|null
  1483|user1483|user1483@example.com|87.1|false|null
  1484|user1484|user1484@example.com|90.8|false|has, comma
  1485|user1485|user1485@example.com|94.5|true|null
  1486|user1486|user1486@example.com|98.2|false|null
  1487|user1487|user1487@example.com|1.9|false|null
  1488|user1488|user1488@example.com|5.6|true|null
  1489|user1489|user1489@example.com|9.3|false|null
  1490|user1490|user1490@example.com|13|false|null
  1491|user1491|user1491@example.com|16.7|true|has, comma
  1492|user1492|user1492@example.com|20.4|false|null
  1493|user1493|user1493@example.com|24.1|false|null
  1494|user1494|user1494@example.com|27.8|true|null
  1495|user1495|user1495@example.com|31.5|false|null
  1496|user1496|user1496@example.com|35.2|false|null
  1497|user1497|user1497@example.com|38.9|true|null
  1498|user1498|user1498@example.com|42.6|false|has, comma
  1499|user1499|user1499@example.com|46.3|false|null
