rows[80]{id,v}:
  0,""
  1,x
  2,xx
  3,xxx
  4,xxxx
  5,""
  6,x
  7,xx
  8,xxx
  9,xxxx
  10,""
  11,x
  12,xx
  13,xxx
  14,xxxx
  15,""
  16,x
  17,xx
  18,xxx
  19,xxxx
  20,""
  21,x
  22,xx
  23,xxx
  24,xxxx
  25,""
  26,x
  27,xx
  28,xxx
  29,xxxx
  30,""
  31,x
  32,xx
  33,xxx
  34,xxxx
  35,""
  36,x
  37,xx
  38,xxx
  39,xxxx
  40,""
  41,x
  42,xx
  43,xxx
  44,xxxx
  45,""
  46,x
  47,xx
  48,xxx
  49,xxxx
  50,""
  51,x
  52,xx
  53,xxx
  54,xxxx
  55,""
  56,x
  57,xx
  58,xxx
  59,xxxx
  60,""
  61,x
  62,xx
  63,xxx
  64,xxxx
  65,""
  66,x
  67,xx
  68,xxx
  69,xxxx
  70,""
  71,x
  72,xx
  73,xxx
  74,xxxx
  75,""
  76,x
  77,xx
  78,xxx
  79,xxxx
