{
  "k": {
    "k": {
      "k": {
        "k": {
          "k": {
            "k": {
              "k": {
                "k": {
                  "k": {
                    "k": {
                      "k": {
                        "k": {
                          "k": {
                            "k": {
                              "k": {
                                "k": {
                                  "k": {
                                    "k": {
                                      "k": {
                                        "k": {
                                          "k": {
                                            "k": {
                                              "k": {
                                                "k": {
                                                  "k": {
                                                    "k": {
                                                      "k": {
                                                        "k": {
                                                          "k": {
                                                            "k": {
                                                              "k": {
                                                                "k": {
                                                                  "k": {
                                                                    "k": {
                                                                      "k": {
                                                                        "k": {
                                                                          "k": {
                                                                            "k": {
                                                                              "k": {
                                                                                "k": {
                                                                                  "k": {
                                                                                    "k": {
                                                                                      "k": {
                                                                                        "k": {
                                                                                          "k": {
                                                                                            "k": {
                                                                                              "k": {
                                                                                                "k": {
                                                                                                  "k": {
                                                                                                    "k": {
                                                                                                      "k": {
                                                                                                        "k": {
                                                                                                          "k": {
                                                                                                            "k": {
                                                                                                              "k": {
                                                                                                                "k": {
                                                                                                                  "k": {
                                                                                                                    "k": {
                                                                                                                      "k": {
                                                                                                                        "k": {
                                                                                                                          "k": {
                                                                                                                            "k": {
                                                                                                                              "k": {
                                                                                                                                "k": {
                                                                                                                                  "k": {
                                                                                                                                    "k": {
                                                                                                                                      "k": {
                                                                                                                                        "k": {
                                                                                                                                          "k": {
                                                                                                                                            "k": {
                                                                                                                                              "k": {
                                                                                                                                                "k": {
                                                                                                                                                  "k": {
                                                                                                                                                    "k": {
                                                                                                                                                      "k": {
                                                                                                                                                        "k": {
                                                                                                                                                          "k": {
                                                                                                                                                            "k": {
                                                                                                                                                              "k": {
                                                                                                                                                                "k": {
                                                                                                                                                                  "k": {
                                                                                                                                                                    "k": {
                                                                                                                                                                      "k": {
                                                                                                                                                                        "k": {
                                                                                                                                                                          "k": {
                                                                                                                                                                            "k": {
                                                                                                                                                                              "k": {
                                                                                                                                                                                "k": {
                                                                                                                                                                                  "k": {
                                                                                                                                                                                    "k": {
                                                                                                                                                                                      "k": {
                                                                                                                                                                                        "k": {
                                                                                                                                                                                          "k": {
                                                                                                                                                                                            "k": {
                                                                                                                                                                                              "k": {
                                                                                                                                                                                                "k": {
                                                                                                                                                                                                  "k": {
                                                                                                                                                                                                    "k": {
                                                                                                                                                                                                      "k": {
                                                                                                                                                                                                        "k": {
                                                                                                                                                                                                          "k": {
                                                                                                                                                                                                            "k": {
                                                                                                                                                                                                              "k": {
                                                                                                                                                                                                                "k": {
                                                                                                                                                                                                                  "k": {
                                                                                                                                                                                                                    "k": {
                                                                                                                                                                                                                      "k": {
                                                                                                                                                                                                                        "k": {
                                                                                                                                                                                                                          "k": {
                                                                                                                                                                                                                            "k": {
                                                                                                                                                                                                                              "k": {
                                                                                                                                                                                                                                "k": {
                                                                                                                                                                                                                                  "k": {
                                                                                                                                                                                                                                    "k": {
                                                                                                                                                                                                                                      "k": {
                                                                                                                                                                                                                                        "k": {
                                                                                                                                                                                                                                          "k": {
                                                                                                                                                                                                                                            "k": {
                                                                                                                                                                                                                                              "k": {
                                                                                                                                                                                                                                                "k": {
                                                                                                                                                                                                                                                  "k": {
                                                                                                                                                                                                                                                    "k": {
                                                                                                                                                                                                                                                      "k": {
                                                                                                                                                                                                                                                        "k": {
                                                                                                                                                                                                                                                          "k": {
                                                                                                                                                                                                                                                            "k": {
                                                                                                                                                                                                                                                              "v": 1.0
                                                                                                                                                                                                                                                            }
                                                                                                                                                                                                                                                          }
                                                                                                                                                                                                                                                        }
                                                                                                                                                                                                                                                      }
                                                                                                                                                                                                                                                    }
                                                                                                                                                                                                                                                  }
                                                                                                                                                                                                                                                }
                                                                                                                                                                                                                                              }
                                                                                                                                                                                                                                            }
                                                                                                                                                                                                                                          }
                                                                                                                                                                                                                                        }
                                                                                                                                                                                                                                      }
                                                                                                                                                                                                                                    }
                                                                                                                                                                                                                                  }
                                                                                                                                                                                                                                }
                                                                                                                                                                                                                              }
                                                                                                                                                                                                                            }
                                                                                                                                                                                                                          }
                                                                                                                                                                                                                        }
                                                                                                                                                                                                                      }
                                                                                                                                                                                                                    }
                                                                                                                                                                                                                  }
                                                                                                                                                                                                                }
                                                                                                                                                                                                              }
                                                                                                                                                                                                            }
                                                                                                                                                                                                          }
                                                                                                                                                                                                        }
                                                                                                                                                                                                      }
                                                                                                                                                                                                    }
                                                                                                                                                                                                  }
                                                                                                                                                                                                }
                                                                                                                                                                                              }
                                                                                                                                                                                            }
                                                                                                                                                                                          }
                                                                                                                                                                                        }
                                                                                                                                                                                      }
                                                                                                                                                                                    }
                                                                                                                                                                                  }
                                                                                                                                                                                }
                                                                                                                                                                              }
                                                                                                                                                                            }
                                                                                                                                                                          }
                                                                                                                                                                        }
                                                                                                                                                                      }
                                                                                                                                                                    }
                                                                                                                                                                  }
                                                                                                                                                                }
                                                                                                                                                              }
                                                                                                                                                            }
                                                                                                                                                          }
                                                                                                                                                        }
                                                                                                                                                      }
                                                                                                                                                    }
                                                                                                                                                  }
                                                                                                                                                }
                                                                                                                                              }
                                                                                                                                            }
                                                                                                                                          }
                                                                                                                                        }
                                                                                                                                      }
                                                                                                                                    }
                                                                                                                                  }
                                                                                                                                }
                                                                                                                              }
                                                                                                                            }
                                                                                                                          }
                                                                                                                        }
                                                                                                                      }
                                                                                                                    }
                                                                                                                  }
                                                                                                                }
                                                                                                              }
                                                                                                            }
                                                                                                          }
                                                                                                        }
                                                                                                      }
                                                                                                    }
                                                                                                  }
                                                                                                }
                                                                                              }
                                                                                            }
                                                                                          }
                                                                                        }
                                                                                      }
                                                                                    }
                                                                                  }
                                                                                }
                                                                              }
                                                                            }
                                                                          }
                                                                        }
                                                                      }
                                                                    }
                                                                  }
                                                                }
                                                              }
                                                            }
                                                          }
                                                        }
                                                      }
                                                    }
                                                  }
                                                }
                                              }
                                            }
                                          }
                                        }
                                      }
                                    }
                                  }
                                }
                              }
                            }
                          }
                        }
                      }
                    }
                  }
                }
              }
            }
          }
        }
      }
    }
  }
}
